---
id: type-4
name: {"en":"type-4"}
parentRef: emodel/type@type-3

sourceId: emodel/type-2
metaRecord: emodel/type-2@

aspects:
  - ref: emodel/aspect@aspect-1

inheritCreateVariants: true

model:
  attributes:
    - id: aspect-1:aspect-1-att
  systemAttributes:
    - id: aspect-1:aspect-1-system-att
