---
id: type-0
name: type-0
sourceId: emodel/type-0-src
metaRecord: emodel/type-0-src@
createVariantsForChildTypes: true
inheritCreateVariants: false
createVariants:
  - id: type-0-cv
    formRef: uiserv/form@abc
    name: {"en":"type-0"}
    sourceId: emodel/type-0-src
    typeRef: emodel/type@type-0
  - id: type-1__type-1-cv
    formRef: uiserv/form@abcdef
    name: {"en":"type-1"}
    sourceId: emodel/type-0-src
    typeRef: emodel/type@type-1
